[38;2;255;255;255;49m[7mî‚°[0m[48;2;255;255;255m[38;2;16;14;35m [0m[48;2;255;255;255m[38;2;16;14;35m@localhost[0m[48;2;255;255;255m[38;2;16;14;35m [0m[48;2;145;221;255m[38;2;255;255;255mî‚°[0m[48;2;145;221;255m[38;2;16;14;35m [0m[48;2;145;221;255m[38;2;16;14;35mbuild[0m[48;2;145;221;255m[38;2;16;14;35m [0m[38;2;145;221;255mî‚°[0m[0m 
