init
{"action":"M","transactional":false,"prefix":"wal2json","content":"this non-transactional message will be delivered even if you rollback the transaction"}
{"action":"B"}
{"action":"I","schema":"public","table":"table3_with_pk","columns":[{"name":"a","type":"integer","value":1},{"name":"b","type":"character varying(30)","value":"Backup and Restore"},{"name":"c","type":"timestamp without time zone","value":"2019-12-29 04:58:34.806671"}]}
{"action":"I","schema":"public","table":"table3_with_pk","columns":[{"name":"a","type":"integer","value":2},{"name":"b","type":"character varying(30)","value":"Tuning"},{"name":"c","type":"timestamp without time zone","value":"2019-12-29 04:58:34.806671"}]}
{"action":"I","schema":"public","table":"table3_with_pk","columns":[{"name":"a","type":"integer","value":3},{"name":"b","type":"character varying(30)","value":"Replication"},{"name":"c","type":"timestamp without time zone","value":"2019-12-29 04:58:34.806671"}]}
{"action":"M","transactional":true,"prefix":"wal2json","content":"this message will be delivered"}
{"action":"D","schema":"public","table":"table3_with_pk","identity":[{"name":"a","type":"integer","value":1},{"name":"c","type":"timestamp without time zone","value":"2019-12-29 04:58:34.806671"}]}
{"action":"D","schema":"public","table":"table3_with_pk","identity":[{"name":"a","type":"integer","value":2},{"name":"c","type":"timestamp without time zone","value":"2019-12-29 04:58:34.806671"}]}
{"action":"I","schema":"public","table":"table3_without_pk","columns":[{"name":"a","type":"integer","value":1},{"name":"b","type":"numeric(5,2)","value":2.34},{"name":"c","type":"text","value":"Tapir"}]}
{"action":"C"}
stop
